Helloworld.java
[main 69a038c] First program
 1 file changed, 8 insertions(+)
 create mode 100644 Helloworld.java
vikram@vikram-HP-Pavilion-Laptop-15-cs2xxx:~/gitworkspace/repo$ git push -u origin master
error: src refspec master does not match any.
error: failed to push some refs to 'https://github.com/vikramgudda/repo.git'
vikram@vikram-HP-Pavilion-Laptop-15-cs2xxx:~/gitworkspace/repo$ touch initial 
vikram@vikram-HP-Pavilion-Laptop-15-cs2xxx:~/gitworkspace/repo$ git add initial
vikram@vikram-HP-Pavilion-Laptop-15-cs2xxx:~/gitworkspace/repo$ git commit -m "initial commit" 
[main 54aafbe] initial commit
 1 file changed, 0 insertions(+), 0 deletions(-)
 create mode 100644 initial
vikram@vikram-HP-Pavilion-Laptop-15-cs2xxx:~/gitworkspace/repo$ git push -u origin master
error: src refspec master does not match any.
error: failed to push some refs to 'https://github.com/vikramgudda/repo.git'
vikram@vikram-HP-Pavilion-Laptop-15-cs2xxx:~/gitworkspace/repo$ git push -u origin master
error: src refspec master does not match any.
error: failed to push some refs to 'https://github.com/vikramgudda/repo.git'
vikram@vikram-HP-Pavilion-Laptop-15-cs2xxx:~/gitworkspace/repo$ git checkout -b master
Switched to a new branch 'master'
vikram@vikram-HP-Pavilion-Laptop-15-cs2xxx:~/gitworkspace/repo$ git push -u origin master
Username for 'https://github.com': vikramgudda
Password for 'https://vikramgudda@github.com': 
Counting objects: 6, done.
Delta compression using up to 8 threads.
Compressing objects: 100% (5/5), done.
Writing objects: 100% (6/6), 580 bytes | 580.00 KiB/s, done.
Total 6 (delta 1), reused 0 (delta 0)
remote: Resolving deltas: 100% (1/1), done.
remote: 
remote: Create a pull request for 'master' on GitHub by visiting:
remote:      https://github.com/vikramgudda/repo/pull/new/master
remote: 
To https://github.com/vikramgudda/repo.git
 * [new branch]      master -> master
Branch 'master' set up to track remote branch 'master' from 'origin'.
vikram@vikram-HP-Pavilion-Laptop-15-cs2xxx:~/gitworkspace/repo$ B

